Microsoft (R) Macro Assembler Version 12.00.31101.0	    05/23/15 21:43:43
							     First Pass 1 - 1


 0000				data segment
 0000				Data1 segment
				const db 1101b
				const1 db 125
				const2 db 85h
				const3 db 'Hello'
				const4 dw 1010b
				const5 dw 2015d
				const6 dw 98h
				const7 dd 1011b
				const8 dd 1010
				const9 dd 1000h
 0000				Data1 ends
 0000				Dat2 segment
				const10 db 'world!'
				const11 db 14h
				const12 db 57
				const13 db 101110b
				const14 dw 980h
				const15 dw 205d
				const16 dw 110011b
				const17 dd 4568h
				const18 dd 2010
				const19 dd 11110001b
 0000				Dat2 ends
 0000				data ends
 0000				code segment
 0000				code1 segment
				assume ds:data1,cs:code1
				m1: cli
				inc bh
				inc cx
				inc esi
				dec const
				dec const1
				dec const2
				dec const3
				dec const4
				dec const5
				dec const6
				dec const7
				dec const8
				dec const9
				adc bh,cl
				adc bx,dx
				adc ecx,ebx
				cmp bh,const
				cmp bl,const1
				cmp cl,const2
				cmp dh,const3
				cmp dx,const4
				cmp bx,const5
				cmp cx,const6
				cmp esi,const7
				cmp edx,const8
				cmp ecx,const9
				jb m2
				xor bh,const
				xor bl,const1
				xor cl,const2
				xor dh,const3
				xor dx,const4
				xor bx,const5
				xor cx,const6
				xor esi,const7
				xor edx,const8
				xor ecx,const9
				m2: sal cl,1010b
				sal cx,232
				sal ebx,79h
				or const1,11111111b ;8-8
				or const5,65407 ;16-16
				or const8,9fffh ;32-32
				or const5,127 ;16-8
				or const8,7fh ;32-8
				jb m1
 0000				code1 ends
 0000				code ends
				end
Microsoft (R) Macro Assembler Version 12.00.31101.0	    05/23/15 21:43:43
1.asm							     Page 1 - 1


 0000				data segment
 0000				Data1 segment
 0000 0D			const db 1101b
 0001 7D			const1 db 125
 0002 85			const2 db 85h
 0003 48 65 6C 6C 6F		const3 db 'Hello'
 0008 000A			const4 dw 1010b
 000A 07DF			const5 dw 2015d
 000C 0098			const6 dw 98h
 000E 0000000B			const7 dd 1011b
 0012 000003F2			const8 dd 1010
 0016 00001000			const9 dd 1000h
 0000				Data1 ends
 0000				Dat2 segment
 0000 77 6F 72 6C 64 21		const10 db 'world!'
 0006 14			const11 db 14h
 0007 39			const12 db 57
 0008 2E			const13 db 101110b
 0009 0980			const14 dw 980h
 000B 00CD			const15 dw 205d
 000D 0033			const16 dw 110011b
 000F 00004568			const17 dd 4568h
 0013 000007DA			const18 dd 2010
 0017 000000F1			const19 dd 11110001b
 0000				Dat2 ends
 0000				data ends
 0000				code segment
 0000				code1 segment
				assume ds:data1,cs:code1
 0000  FA			m1: cli
 0001  FE C7			inc bh
 0003  41			inc cx
 0004  66| 46			inc esi
 0006  FE 0E 0000 R		dec const
 000A  FE 0E 0001 R		dec const1
 000E  FE 0E 0002 R		dec const2
 0012  FE 0E 0003 R		dec const3
 0016  FF 0E 0008 R		dec const4
 001A  FF 0E 000A R		dec const5
 001E  FF 0E 000C R		dec const6
 0022  66| FF 0E 000E R		dec const7
 0027  66| FF 0E 0012 R		dec const8
 002C  66| FF 0E 0016 R		dec const9
 0031  12 F9			adc bh,cl
 0033  13 DA			adc bx,dx
 0035  66| 13 CB		adc ecx,ebx
 0038  3A 3E 0000 R		cmp bh,const
 003C  3A 1E 0001 R		cmp bl,const1
 0040  3A 0E 0002 R		cmp cl,const2
 0044  3A 36 0003 R		cmp dh,const3
 0048  3B 16 0008 R		cmp dx,const4
 004C  3B 1E 000A R		cmp bx,const5
 0050  3B 0E 000C R		cmp cx,const6
 0054  66| 3B 36 000E R		cmp esi,const7
 0059  66| 3B 16 0012 R		cmp edx,const8
 005E  66| 3B 0E 0016 R		cmp ecx,const9
 0063  72 2B			jb m2
 0065  32 3E 0000 R		xor bh,const
 0069  32 1E 0001 R		xor bl,const1
 006D  32 0E 0002 R		xor cl,const2
 0071  32 36 0003 R		xor dh,const3
 0075  33 16 0008 R		xor dx,const4
 0079  33 1E 000A R		xor bx,const5
 007D  33 0E 000C R		xor cx,const6
 0081  66| 33 36 000E R		xor esi,const7
 0086  66| 33 16 0012 R		xor edx,const8
 008B  66| 33 0E 0016 R		xor ecx,const9
 0090  C0 E1 0A			m2: sal cl,1010b
 0093  C1 E1 E8			sal cx,232
 0096  66| C1 E3 79		sal ebx,79h
 009A  80 0E 0001 R FF		or const1,11111111b ;8-8
 009F  81 0E 000A R FF7F	or const5,65407 ;16-16
 00A5  66| 81 0E 0012 R		or const8,9fffh ;32-32
       00009FFF
 00AE  83 0E 000A R 7F		or const5,127 ;16-8
 00B3  66| 83 0E 0012 R		or const8,7fh ;32-8
       7F
 00B9  0F 82 FF43		jb m1
 0000				code1 ends
 0000				code ends
				end
Microsoft (R) Macro Assembler Version 12.00.31101.0	    05/23/15 21:43:43
1.asm							     Symbols 2 - 1




Segments and Groups:

                N a m e                 Size     Length   Align   Combine Class

Dat2 . . . . . . . . . . . . . .	16 Bit	 001B	  	  Private 
Data1  . . . . . . . . . . . . .	16 Bit	 001A	  	  Private 
code1  . . . . . . . . . . . . .	16 Bit	 00BD	  	  Private 
code . . . . . . . . . . . . . .	16 Bit	 0000	  	  Private 
data . . . . . . . . . . . . . .	16 Bit	 0000	  	  Private 


Symbols:

                N a m e                 Type     Value    Attr

const10  . . . . . . . . . . . .	Byte	 0000	  Dat2	
const11  . . . . . . . . . . . .	Byte	 0006	  Dat2	
const12  . . . . . . . . . . . .	Byte	 0007	  Dat2	
const13  . . . . . . . . . . . .	Byte	 0008	  Dat2	
const14  . . . . . . . . . . . .	Word	 0009	  Dat2	
const15  . . . . . . . . . . . .	Word	 000B	  Dat2	
const16  . . . . . . . . . . . .	Word	 000D	  Dat2	
const17  . . . . . . . . . . . .	DWord	 000F	  Dat2	
const18  . . . . . . . . . . . .	DWord	 0013	  Dat2	
const19  . . . . . . . . . . . .	DWord	 0017	  Dat2	
const1 . . . . . . . . . . . . .	Byte	 0001	  Data1	
const2 . . . . . . . . . . . . .	Byte	 0002	  Data1	
const3 . . . . . . . . . . . . .	Byte	 0003	  Data1	
const4 . . . . . . . . . . . . .	Word	 0008	  Data1	
const5 . . . . . . . . . . . . .	Word	 000A	  Data1	
const6 . . . . . . . . . . . . .	Word	 000C	  Data1	
const7 . . . . . . . . . . . . .	DWord	 000E	  Data1	
const8 . . . . . . . . . . . . .	DWord	 0012	  Data1	
const9 . . . . . . . . . . . . .	DWord	 0016	  Data1	
const  . . . . . . . . . . . . .	Byte	 0000	  Data1	
m1 . . . . . . . . . . . . . . .	L Near	 0000	  code1	
m2 . . . . . . . . . . . . . . .	L Near	 0090	  code1	

	   0 Warnings
	   0 Errors
