Turbo Assembler	 Version 3.2	    29/12/15 19:42:27	    Page 1
1.asm



      1	0000			     MODEL   TINY
      2	0000			     STACK 100h
      3	0000			     DATASEG
      4	0000  ??			     Hellostr DB ?
      5	0001			     CODESEG
      6	0000			     start:
      7	0000  A1 0000			     mov ax,DATASEG
**Error** 1.asm(7) Undefined symbol: DATASEG
      8	0003  8E D8			     mov ds,ax
      9	0005  C6 06 0000r 01		     mov Hellostr,1
     10	000A  BA 0000r			     mov dx,offset Hellostr
     11	000D  B4 09			     mov ah,09h
     12	000F  CD 21			     int 21h
     13	0011  B4 01		     mov ah,1
     14	0013  CD 21		     int 21h
     15	0015  B4 4C			     mov ah,04Ch
     16	0017  B0 01			     mov al,1h
     17	0019  CD 21			     int 21h
     18				     end start
Turbo Assembler	 Version 3.2	    29/12/15 19:42:27	    Page 2
Symbol Table




Symbol Name			  Type	 Value

??DATE				  Text	 "29/12/15"
??FILENAME			  Text	 "1	  "
??TIME				  Text	 "19:42:27"
??VERSION			  Number 0314
@32BIT				  Text	 0
@CODE				  Text	 DGROUP
@CODESIZE			  Text	 0
@CPU				  Text	 0101H
@CURSEG				  Text	 _TEXT
@DATA				  Text	 DGROUP
@DATASIZE			  Text	 0
@FILENAME			  Text	 1
@INTERFACE			  Text	 00H
@MODEL				  Text	 1
@STACK				  Text	 DGROUP
@WORDSIZE			  Text	 2
HELLOSTR			  Byte	 DGROUP:0000
START				  Near	 DGROUP:0000

Groups & Segments		  Bit Size Align  Combine Class

DGROUP				  Group
  STACK				  16  0100 Para	  Stack	  STACK
  _DATA				  16  0001 Word	  Public  DATA
  _TEXT				  16  001B Word	  Public  CODE
Turbo Assembler	 Version 3.2	    29/12/15 19:42:27	    Page 3
Error Summary



**Error** 1.asm(7) Undefined symbol: DATASEG
