Microsoft (R) Macro Assembler Version 5.00                  5/22/15 20:54:52
                                                             Page     1-1


       1 0000				data segment 
       2 0000				Data1 segment 
       3 0000  0D			const db 1101b 
       4 0001  7D			const1 db 125 
       5 0002  85			const2 db 85h 
       6 0003  48 65 6C 6C 6F		const3 db 'Hello' 
       7 0008  000A			const4 dw 1010b 
       8 000A  07DF			const5 dw 2015d 
       9 000C  0098			const6 dw 98h 
      10 000E  0B000000			const7 dd 1011b 
      11 0012  F2030000			const8 dd 1010 
      12 0016  00100000			const9 dd 1000h 
      13 001A				Data1 ends 
      14 0000				data ends 
      15 0000				code segment 
      16 0000				code1 segment 
      17				assume ds:data1,cs:code1 
      18 0000  FA			m1: cli 
      19 0001  80 0E 0001 R FF		or const1,255 ;8-8 
      20 0006  83 0E 000C R FA		or const6,65530 ;16-16 
      21 000B  81 0E 0012 R 0009FFF6	or const8,655350 ;32-32 
1.ASM(21): warning A4057: Illegal size for operand
      22 0013  72 EB			jb m1 
      23 0015				code1 ends 
      24 0000				code ends 
      25				end 
Microsoft (R) Macro Assembler Version 5.00                  5/22/15 20:54:52
                                                             Symbols-1


Segments and Groups:

                N a m e         	Length	 Align	Combine Class

CODE . . . . . . . . . . . . . .  	0000	PARA	NONE	
CODE1  . . . . . . . . . . . . .  	0015	PARA	NONE	
DATA . . . . . . . . . . . . . .  	0000	PARA	NONE	
DATA1  . . . . . . . . . . . . .  	001A	PARA	NONE	

Symbols:            

                N a m e         	Type	 Value	 Attr

CONST  . . . . . . . . . . . . .  	L BYTE	0000	DATA1
CONST1 . . . . . . . . . . . . .  	L BYTE	0001	DATA1
CONST2 . . . . . . . . . . . . .  	L BYTE	0002	DATA1
CONST3 . . . . . . . . . . . . .  	L BYTE	0003	DATA1
CONST4 . . . . . . . . . . . . .  	L WORD	0008	DATA1
CONST5 . . . . . . . . . . . . .  	L WORD	000A	DATA1
CONST6 . . . . . . . . . . . . .  	L WORD	000C	DATA1
CONST7 . . . . . . . . . . . . .  	L DWORD	000E	DATA1
CONST8 . . . . . . . . . . . . .  	L DWORD	0012	DATA1
CONST9 . . . . . . . . . . . . .  	L DWORD	0016	DATA1

M1 . . . . . . . . . . . . . . .  	L NEAR	0000	CODE1

@FILENAME  . . . . . . . . . . .  	TEXT  1		


     25 Source  Lines
     25 Total   Lines
     17 Symbols

  49134 + 434354 Bytes symbol space free

      1 Warning Errors
      0 Severe  Errors
