Microsoft (R) Macro Assembler Version 5.00                  11/30/15 19:24:04
                                                             Page     1-1


       1				.model compact 
       2 0000				.data 
       3 0400				.stack 
       4 0000  FF			db 255 
       5 0000				data1 segment 
       6 0000  46 69 72 73 74 20 73	mes1 db 'First string: Hello, World',13
					,10,'$' 
       7       74 72 69 6E 67 3A 20	
       8       48 65 6C 6C 6F 2C 20	
       9       57 6F 72 6C 64 0D 0A	
      10       24			
      11 001D  53 65 63 6F 6E 64 20	mes2 db 'Second string: Hello, Assemble
					r',13,10,'$' 
      12       73 74 72 69 6E 67 3A	
      13       20 48 65 6C 6C 6F 2C	
      14       20 41 73 73 65 6D 62	
      15       6C 65 72 0D 0A 24	
      16 003F  0000			col dw 0h 
      17 0041  00			sym db 0h 
      18 0042  00			sym2 db 0h 
      19 0043				data1 ends 
      20 0000				.code 
      21 0000				code1: 
      22 0000  B8 ---- R		mov ax,data1 
      23 0003  8E D8			mov ds,ax 
      24				;--------вывод на экран символа NUL раз
					ными цветами-------- 
      25 0005  B6 00			mov dh,0 ;номер строки 
      26 0007  B2 FF			mov dl,-1 ;номер столбца 
      27 0009  B7 00			mov bh,0 ;номер страницы 
      28 000B  B0 55			mov al,55h;0h ;выводимый символ 
      29 000D  B9 0001			mov cx,1 ;количество выводимых символов
					 
      30 0010  B3 00			mov bl,0b;19 ;атрибуты (цвет и фон) 
      31 0012  BE 0000			mov si,0 ;счетчик 
      32 0015  B4 00			mov ah,0 
      33 0017  B0 03			mov al,3 
      34 0019  CD 10			int 10h 
      35 001B  B0 00			mov al,0h 
      36 001D				m2: 
      37 001D  B4 02			mov ah,2 ;графический режим 
      38 001F  FE C2			inc dl ;подвинуть курсор 
      39 0021  CD 10			int 10h ;вывод на экран 
      40 0023  B4 09			mov ah,9 ;установить другой режим 
      41 0025  80 C3 10			add bl,10000b;150 ;изменить атрибут сим
					вола 
      42 0028  CD 10			int 10h ;вывести символ на экран 
      43 002A  46			inc si ;увеличить счетчик 
      44 002B  83 FE 10			cmp si,16 ;сравнить счетчик с 16 
      45 002E  75 ED			jne m2 ;если он меньше 16, то повторить
					 цикл снова 
      46				;--------вывод текста на экран-------- 
      47				;первая строка 
      48 0030  B6 01			mov dh,1 ;номер строки 
Microsoft (R) Macro Assembler Version 5.00                  11/30/15 19:24:04
                                                             Page     1-2


      49 0032  B2 00			mov dl,0 ;номер столбца 
      50 0034  B4 02			mov ah,2 
      51 0036  CD 10			int 10h ;подвинуть курсор на следующую 
					строку 
      52 0038  B4 09			mov ah,9 
      53 003A  BA 0000 R		mov dx,offset mes1 
      54 003D  CD 21			int 21h 
      55				;вторая строка 
      56 003F  B6 02			mov dh,2 ;номер строки 
      57 0041  B2 00			mov dl,0 ;номер столбца 
      58 0043  B4 02			mov ah,2 
      59 0045  CD 10			int 10h ;подвинуть курсор на следующую 
					строку 
      60 0047  B4 09			mov ah,9 
      61 0049  BA 001D R		mov dx,offset mes2 
      62 004C  CD 21			int 21h 
      63 004E  B4 02			mov ah,2 
      64 0050  B6 00			mov dh,0 
      65 0052  B2 00			mov dl,0 
      66 0054  CD 10			int 10h 
      67 0056  B4 01			mov ah,1 
      68 0058  CD 21			int 21h 
      69				;--------работа с клавиатурой-------- 
      70 005A				keyboard: 
      71 005A  B4 00			mov ah,0 
      72 005C  CD 16			int 16h 
      73 005E  88 26 0041 R		mov sym,ah 
      74 0062  80 3E 0041 R 4D		cmp sym,4Dh 
      75 0067  74 2A			je right 
      76 0069  80 3E 0041 R 4B		cmp sym,4Bh 
      77 006E  74 30			je left 
      78 0070  80 3E 0041 R 48		cmp sym,48h 
      79 0075  74 36			je up 
      80 0077  80 3E 0041 R 50		cmp sym,50h 
      81 007C  74 3C			je down 
      82 007E  80 3E 0041 R 39		cmp sym,39h 
      83 0083  74 42			je backspace 
      84 0085  80 3E 0041 R 1C		cmp sym,1Ch 
      85 008A  74 4C			je ent 
      86 008C  80 3E 0041 R 01		cmp sym,01h 
      87 0091  74 65			je exit 
      88 0093				right: 
      89 0093  B4 02			mov ah,2 
      90 0095  FE C2			inc dl 
      91 0097  CD 10			int 10h 
      92 0099  80 3E 0041 R 4D		cmp sym,4Dh 
      93 009E  74 BA			je keyboard 
      94 00A0				left: 
      95 00A0  B4 02			mov ah,2 
      96 00A2  FE CA			dec dl 
      97 00A4  CD 10			int 10h 
      98 00A6  80 3E 0041 R 4B		cmp sym,4Bh 
      99 00AB  74 AD			je keyboard 
     100 00AD				up: 
Microsoft (R) Macro Assembler Version 5.00                  11/30/15 19:24:04
                                                             Page     1-3


     101 00AD  B4 02			mov ah,2 
     102 00AF  FE CE			dec dh 
     103 00B1  CD 10			int 10h 
     104 00B3  80 3E 0041 R 48		cmp sym,48h 
     105 00B8  74 A0			je keyboard 
     106 00BA				down: 
     107 00BA  B4 02			mov ah,2 
     108 00BC  FE C6			inc dh 
     109 00BE  CD 10			int 10h 
     110 00C0  80 3E 0041 R 50		cmp sym,50h 
     111 00C5  74 93			je keyboard 
     112 00C7				backspace: 
     113 00C7  B4 08			mov ah,8 
     114 00C9  B7 00			mov bh,0 
     115 00CB  CD 10			int 10h 
     116 00CD  88 26 003F R		mov col,ah 
3.ASM(108): warning A4031: Operand types must match
     117 00D1  80 3E 0041 R 39		cmp sym,39h 
     118 00D6  74 82			je keyboard 
     119 00D8				ent: 
     120 00D8  B4 08			mov ah,8 
     121 00DA  B7 00			mov bh,0 
     122 00DC  CD 10			int 10h 
     123 00DE  A2 0042 R		mov sym2,al 
     124 00E1  B4 09			mov ah,9 
     125 00E3  A0 0042 R		mov al,sym2 
     126 00E6  8A 1E 003F R		mov bl,col 
3.ASM(118): warning A4031: Operand types must match
     127 00EA  B1 04			mov cl,4 
     128 00EC  D2 EB			shr bl,cl 
     129 00EE  B7 00			mov bh,0 
     130 00F0  B9 0001			mov cx,1 
     131 00F3  CD 10			int 10h 
     132 00F5  E9 005A R		jmp keyboard 
     133 00F8				exit: 
     134 00F8  CD 20			int 20h 
     135 00FA				end code1 
Microsoft (R) Macro Assembler Version 5.00                  11/30/15 19:24:04
                                                             Symbols-1


Segments and Groups:

                N a m e         	Length	 Align	Combine Class

DATA1  . . . . . . . . . . . . .  	0043	PARA	NONE	
DGROUP . . . . . . . . . . . . .  	GROUP
  _DATA  . . . . . . . . . . . .  	0001	WORD	PUBLIC	'DATA'
  STACK  . . . . . . . . . . . .  	0400	PARA	STACK	'STACK'
_TEXT  . . . . . . . . . . . . .  	00FA	WORD	PUBLIC	'CODE'

Symbols:            

                N a m e         	Type	 Value	 Attr

BACKSPACE  . . . . . . . . . . .  	L NEAR	00C7	_TEXT

CODE1  . . . . . . . . . . . . .  	L NEAR	0000	_TEXT
COL  . . . . . . . . . . . . . .  	L WORD	003F	DATA1

DOWN . . . . . . . . . . . . . .  	L NEAR	00BA	_TEXT

ENT  . . . . . . . . . . . . . .  	L NEAR	00D8	_TEXT
EXIT . . . . . . . . . . . . . .  	L NEAR	00F8	_TEXT

KEYBOARD . . . . . . . . . . . .  	L NEAR	005A	_TEXT

LEFT . . . . . . . . . . . . . .  	L NEAR	00A0	_TEXT

M2 . . . . . . . . . . . . . . .  	L NEAR	001D	_TEXT
MES1 . . . . . . . . . . . . . .  	L BYTE	0000	DATA1
MES2 . . . . . . . . . . . . . .  	L BYTE	001D	DATA1

RIGHT  . . . . . . . . . . . . .  	L NEAR	0093	_TEXT

SYM  . . . . . . . . . . . . . .  	L BYTE	0041	DATA1
SYM2 . . . . . . . . . . . . . .  	L BYTE	0042	DATA1

UP . . . . . . . . . . . . . . .  	L NEAR	00AD	_TEXT

@CODE  . . . . . . . . . . . . .  	TEXT  _TEXT		
@CODESIZE  . . . . . . . . . . .  	TEXT  0		
@DATASIZE  . . . . . . . . . . .  	TEXT  1		
@FILENAME  . . . . . . . . . . .  	TEXT  3		

Microsoft (R) Macro Assembler Version 5.00                  11/30/15 19:24:04
                                                             Symbols-2



    127 Source  Lines
    127 Total   Lines
     30 Symbols

  49766 + 445498 Bytes symbol space free

      2 Warning Errors
      0 Severe  Errors
